INFO:     Started server process [4496]
INFO:     Waiting for application startup.
INFO:     Application startup complete.
INFO:     Uvicorn running on http://0.0.0.0:8080 (Press CTRL+C to quit)
2026-05-04 18:09:27,057 [INFO] long_agent.memory.manager: personality.md 不存在，使用默认人格（全50）
2026-05-04 18:09:27,061 [INFO] long_agent.memory.manager: MemoryManager V2 初始化完成 (context_window=128000, K=10000, alpha=1.5)
2026-05-04 18:09:27,061 [INFO] long_agent.loop.state: 状态机初始化：idle
2026-05-04 18:09:27,063 [ERROR] long_agent.web: 首页错误: unhashable type: 'dict'
Traceback (most recent call last):
  File "D:\github\三家PK\qwenpaw\代码\src\entry\web_ui.py", line 74, in index
    return templates.TemplateResponse("index.html", {
  File "E:\QwenPaw\lib\site-packages\starlette\templating.py", line 148, in TemplateResponse
    template = self.get_template(name)
  File "E:\QwenPaw\lib\site-packages\starlette\templating.py", line 115, in get_template
    return self.env.get_template(name)
  File "E:\QwenPaw\lib\site-packages\jinja2\environment.py", line 1016, in get_template
    return self._load_template(name, globals)
  File "E:\QwenPaw\lib\site-packages\jinja2\environment.py", line 964, in _load_template
    template = self.cache.get(cache_key)
  File "E:\QwenPaw\lib\site-packages\jinja2\utils.py", line 477, in get
    return self[key]
  File "E:\QwenPaw\lib\site-packages\jinja2\utils.py", line 515, in __getitem__
    rv = self._mapping[key]
TypeError: unhashable type: 'dict'

INFO:     127.0.0.1:62279 - "GET / HTTP/1.1" 500 Internal Server Error
